// Jest Snapshot v1, https://goo.gl/fbAQLP

exports[`renders correctly 1`] = `
<div
  className="home-wrapper"
>
  <h1
    className="home-title"
  >
     Welcome to our Page!
  </h1>
  <p
    className="para"
  >
    Lorem ipsum dolor sit amet, consectetur adipisicing elit. Odio eum labore sequi. Qui dolorum enim deserunt minima ratione, consequuntur quas esse culpa aliquam rem, accusantium consectetur labore odio repellat consequatur?
  </p>
  <p
    className="para"
  >
    Lorem ipsum dolor sit amet, consectetur adipisicing elit. Odio eum labore sequi. Qui dolorum enim deserunt minima ratione, consequuntur quas esse culpa aliquam rem, accusantium consectetur labore odio repellat consequatur?
  </p>
</div>
`;
