// Jest Snapshot v1, https://goo.gl/fbAQLP

exports[`renders correctly 1`] = `
<div
  className="quotes"
>
  <h1>
    Mathematics is not about numbers, computations, or algorithams: it is about understanding. -William Paul Thurston
  </h1>
</div>
`;
